scons: Reading SConscript files ...
Using Visual Studio 14.3 with Windows SDK 10.0.26100.0.
Building for platform "windows", architecture "x86_64", target "editor".
INFO: Developer build, with debug optimization level and debug symbols (unless overridden).
scons: done reading SConscript files.
scons: Building targets ...
Generating tests\force_link.gen.h ...
Compiling tests\editor\slime_ai\test_slime_ai.cpp ...
Compiling tests\test_main.cpp ...
Compiling tests\editor\slime_ai\test_slime_ai_extra_inspection.cpp ...
Compiling editor\slime_ai\slime_ai_object_inspector.cpp ...
Linking Static Library bin\obj\tests\tests.windows.editor.dev.x86_64.lib ...
Compiling editor\slime_ai\slime_ai_scene_commands.cpp ...
Compiling editor\slime_ai\slime_ai_service_client.cpp ...
Ranlib Library bin\obj\tests\tests.windows.editor.dev.x86_64.lib ...
Compiling core\version_hash.gen.cpp ...
Linking Static Library bin\obj\editor\editor.windows.editor.dev.x86_64.lib ...
Linking Static Library bin\obj\core\core.windows.editor.dev.x86_64.lib ...
Ranlib Library bin\obj\editor\editor.windows.editor.dev.x86_64.lib ...
Ranlib Library bin\obj\core\core.windows.editor.dev.x86_64.lib ...
Linking Program bin\godot.windows.editor.dev.x86_64.exe ...
tests.windows.editor.dev.x86_64.lib(test_main.windows.editor.dev.x86_64.obj) : error LNK2019: unresolved external symbol "void __cdecl ForceLink::force_link_test_slime_ai_extra_inspection(void)" (?force_link_test_slime_ai_extra_inspection@ForceLink@@YAXXZ) referenced in function "void __cdecl ForceLink::force_link_tests(void)" (?force_link_tests@ForceLink@@YAXXZ)
bin\godot.windows.editor.dev.x86_64.exe : fatal error LNK1120: 1 unresolved externals
scons: *** [bin\godot.windows.editor.dev.x86_64.exe] Error 1120
scons: building terminated because of errors.
INFO: Time elapsed: 00:00:36.49
