scons: Reading SConscript files ...
Using Visual Studio 14.3 with Windows SDK 10.0.26100.0.
Building for platform "windows", architecture "x86_64", target "editor".
INFO: Developer build, with debug optimization level and debug symbols (unless overridden).
scons: done reading SConscript files.
scons: Building targets ...
Compiling tests\editor\slime_ai\test_slime_ai.cpp ...
Compiling editor\register_editor_types.cpp ...
Linking Static Library bin\obj\tests\tests.windows.editor.dev.x86_64.lib ...
Ranlib Library bin\obj\tests\tests.windows.editor.dev.x86_64.lib ...
Compiling editor\slime_ai\slime_ai_api_describer.cpp ...
Compiling editor\slime_ai\slime_ai_editor_plugin.cpp ...
Compiling editor\slime_ai\slime_ai_journal.cpp ...
Compiling editor\slime_ai\slime_ai_object_inspector.cpp ...
Compiling editor\slime_ai\slime_ai_project_inspector.cpp ...
Compiling editor\slime_ai\slime_ai_protocol.cpp ...
Compiling editor\slime_ai\slime_ai_scene_commands.cpp ...
Compiling editor\slime_ai\slime_ai_scene_command_executor.cpp ...
Compiling editor\slime_ai\slime_ai_scene_inspector.cpp ...
Compiling editor\slime_ai\slime_ai_scene_transaction.cpp ...
editor\slime_ai\slime_ai_object_inspector.cpp(65): error C2039: 'make': is not a member of 'Array'
E:\SlimeEngine\core/variant/array.h(53): note: see declaration of 'Array'
editor\slime_ai\slime_ai_object_inspector.cpp(65): error C3861: 'make': identifier not found
editor\slime_ai\slime_ai_object_inspector.cpp(74): error C2039: 'make': is not a member of 'Array'
E:\SlimeEngine\core/variant/array.h(53): note: see declaration of 'Array'
editor\slime_ai\slime_ai_object_inspector.cpp(74): error C3861: 'make': identifier not found
scons: *** [bin\obj\editor\slime_ai\slime_ai_object_inspector.windows.editor.dev.x86_64.obj] Error 2
editor\slime_ai\slime_ai_scene_commands.cpp(204): error C2039: 'make': is not a member of 'Array'
E:\SlimeEngine\core/variant/array.h(53): note: see declaration of 'Array'
editor\slime_ai\slime_ai_scene_commands.cpp(204): error C3861: 'make': identifier not found
editor\slime_ai\slime_ai_scene_commands.cpp(208): error C2039: 'make': is not a member of 'Array'
E:\SlimeEngine\core/variant/array.h(53): note: see declaration of 'Array'
editor\slime_ai\slime_ai_scene_commands.cpp(208): error C3861: 'make': identifier not found
scons: *** [bin\obj\editor\slime_ai\slime_ai_scene_commands.windows.editor.dev.x86_64.obj] Error 2
scons: building terminated because of errors.
INFO: Time elapsed: 00:00:40.23
